../Core/Src/main.c:86:5:main	24	static
../Core/Src/main.c:185:6:SystemClock_Config	88	static
../Core/Src/main.c:231:13:MX_I2C1_Init	8	static
../Core/Src/main.c:265:13:MX_I2S3_Init	8	static
../Core/Src/main.c:299:13:MX_SPI1_Init	8	static
../Core/Src/main.c:337:13:MX_TIM1_Init	96	static
../Core/Src/main.c:412:13:MX_TIM2_Init	32	static
../Core/Src/main.c:457:13:MX_TIM4_Init	64	static
../Core/Src/main.c:514:13:MX_DMA_Init	16	static
../Core/Src/main.c:532:13:MX_GPIO_Init	56	static
../Core/Src/main.c:625:6:HAL_TIM_PeriodElapsedCallback	16	static
../Core/Src/main.c:641:6:Error_Handler	4	static,ignoring_inline_asm
